<?xml version="1.0" encoding="UTF-8"?>
<testsuites name="jest tests" tests="2" failures="0" errors="0" time="2.921">
  <testsuite name="a" errors="0" failures="0" skipped="0" timestamp="2022-11-07T17:23:20" time="2.728" tests="2">
    <testcase classname="a foo is bar" name="a foo is bar" time="0.002">
    </testcase>
    <testcase classname="b external import works" name="b external import works" time="0.001">
    </testcase>
  </testsuite>
</testsuites>